AggregateError [ECONNREFUSED]: 
    at C:\Users\Techenzo\Desktop\mentor-platform\node_modules\pg-pool\index.js:45:11
    at process.processTicksAndRejections (node:internal/process/task_queues:104:5)
    at async C:\Users\Techenzo\Desktop\mentor-platform\server.js:150:5 {
  code: 'ECONNREFUSED',
  [errors]: [
    Error: connect ECONNREFUSED ::1:5432
        at createConnectionError (node:net:2058:14)
        at afterConnectMultiple (node:net:2088:16) {
      errno: -4078,
      code: 'ECONNREFUSED',
      syscall: 'connect',
      address: '::1',
      port: 5432
    },
    Error: connect ECONNREFUSED 127.0.0.1:5432
        at createConnectionError (node:net:2058:14)
        at afterConnectMultiple (node:net:2088:16) {
      errno: -4078,
      code: 'ECONNREFUSED',
      syscall: 'connect',
      address: '127.0.0.1',
      port: 5432
    }
  ]
}
